Archive member included to satisfy reference by file (symbol)

c:/program files (x86)/atmel/studio/7.0/toolchain/avr8/avr8-gnu-toolchain/bin/../lib/gcc/avr/4.9.2/avr5\libgcc.a(_exit.o)
                              C:/Program Files (x86)/Atmel/Studio/7.0/Packs/atmel/ATmega_DFP/1.0.90/gcc/dev/atmega32u4/avr5/crtatmega32u4.o (exit)
c:/program files (x86)/atmel/studio/7.0/toolchain/avr8/avr8-gnu-toolchain/bin/../lib/gcc/avr/4.9.2/avr5\libgcc.a(_copy_data.o)
                              AVRISPDescriptors.o (__do_copy_data)
c:/program files (x86)/atmel/studio/7.0/toolchain/avr8/avr8-gnu-toolchain/bin/../lib/gcc/avr/4.9.2/avr5\libgcc.a(_clear_bss.o)
                              Lib/ISP/ISPTarget.o (__do_clear_bss)
c:/program files (x86)/atmel/studio/7.0/toolchain/avr8/avr8-gnu-toolchain/bin/../lib/gcc/avr/4.9.2/../../../../avr/lib/avr5\libc.a(memcpy_P.o)
                              src/LUFA/LUFA/Drivers/USB/Class/Device/RNDISClassDevice.o (memcpy_P)
c:/program files (x86)/atmel/studio/7.0/toolchain/avr8/avr8-gnu-toolchain/bin/../lib/gcc/avr/4.9.2/../../../../avr/lib/avr5\libc.a(strlen_P.o)
                              src/LUFA/LUFA/Drivers/USB/Class/Device/CDCClassDevice.o (__strlen_P)
c:/program files (x86)/atmel/studio/7.0/toolchain/avr8/avr8-gnu-toolchain/bin/../lib/gcc/avr/4.9.2/../../../../avr/lib/avr5\libc.a(memcmp.o)
                              src/LUFA/LUFA/Drivers/USB/Class/Device/HIDClassDevice.o (memcmp)
c:/program files (x86)/atmel/studio/7.0/toolchain/avr8/avr8-gnu-toolchain/bin/../lib/gcc/avr/4.9.2/../../../../avr/lib/avr5\libc.a(memcpy.o)
                              src/LUFA/LUFA/Drivers/USB/Class/Device/HIDClassDevice.o (memcpy)
c:/program files (x86)/atmel/studio/7.0/toolchain/avr8/avr8-gnu-toolchain/bin/../lib/gcc/avr/4.9.2/../../../../avr/lib/avr5\libc.a(memset.o)
                              src/LUFA/LUFA/Drivers/USB/Class/Device/HIDClassDevice.o (memset)
C:/Program Files (x86)/Atmel/Studio/7.0/Packs/atmel/ATmega_DFP/1.0.90/gcc/dev/atmega32u4/avr5\libatmega32u4.a(eerd_byte.o)
                              Lib/V2ProtocolParams.o (eeprom_read_byte)
C:/Program Files (x86)/Atmel/Studio/7.0/Packs/atmel/ATmega_DFP/1.0.90/gcc/dev/atmega32u4/avr5\libatmega32u4.a(eeupd_byte.o)
                              Lib/V2ProtocolParams.o (eeprom_update_byte)

Allocating common symbols
Common symbol       size              file

USB_IsInitialized   0x1               src/LUFA/LUFA/Drivers/USB/Core/USBTask.o
MustLoadExtendedAddress
                    0x1               Lib/V2Protocol.o
USB_Device_ConfigurationNumber
                    0x1               src/LUFA/LUFA/Drivers/USB/Core/DeviceStandardReq.o
USB_ControlRequest  0x8               src/LUFA/LUFA/Drivers/USB/Core/USBTask.o
CurrentAddress      0x4               Lib/V2Protocol.o
IsSending           0x1               Lib/XPROG/XPROGTarget.o

Discarded input sections

 .data          0x00000000        0x0 C:/Program Files (x86)/Atmel/Studio/7.0/Packs/atmel/ATmega_DFP/1.0.90/gcc/dev/atmega32u4/avr5/crtatmega32u4.o
 .bss           0x00000000        0x0 C:/Program Files (x86)/Atmel/Studio/7.0/Packs/atmel/ATmega_DFP/1.0.90/gcc/dev/atmega32u4/avr5/crtatmega32u4.o
 .group         0x00000000        0x8 AVRISP-MKII.o
 .group         0x00000000        0x8 AVRISP-MKII.o
 .group         0x00000000        0x8 AVRISP-MKII.o
 .group         0x00000000        0x8 AVRISP-MKII.o
 .group         0x00000000        0x8 AVRISP-MKII.o
 .group         0x00000000        0x8 AVRISP-MKII.o
 .group         0x00000000        0x8 AVRISP-MKII.o
 .group         0x00000000        0x8 AVRISP-MKII.o
 .group         0x00000000        0x8 AVRISP-MKII.o
 .group         0x00000000        0x8 AVRISP-MKII.o
 .group         0x00000000        0x8 AVRISP-MKII.o
 .group         0x00000000        0x8 AVRISP-MKII.o
 .group         0x00000000        0x8 AVRISP-MKII.o
 .group         0x00000000        0x8 AVRISP-MKII.o
 .group         0x00000000        0x8 AVRISP-MKII.o
 .group         0x00000000        0x8 AVRISP-MKII.o
 .group         0x00000000        0x8 AVRISP-MKII.o
 .group         0x00000000        0x8 AVRISP-MKII.o
 .group         0x00000000        0x8 AVRISP-MKII.o
 .group         0x00000000        0x8 AVRISP-MKII.o
 .group         0x00000000        0x8 AVRISP-MKII.o
 .group         0x00000000        0x8 AVRISP-MKII.o
 .group         0x00000000        0x8 AVRISP-MKII.o
 .group         0x00000000        0x8 AVRISP-MKII.o
 .group         0x00000000        0x8 AVRISP-MKII.o
 .group         0x00000000        0x8 AVRISP-MKII.o
 .group         0x00000000        0x8 AVRISP-MKII.o
 .group         0x00000000        0x8 AVRISP-MKII.o
 .group         0x00000000        0x8 AVRISP-MKII.o
 .group         0x00000000        0x8 AVRISP-MKII.o
 .group         0x00000000        0x8 AVRISP-MKII.o
 .group         0x00000000        0x8 AVRISP-MKII.o
 .group         0x00000000        0x8 AVRISP-MKII.o
 .group         0x00000000        0x8 AVRISP-MKII.o
 .group         0x00000000        0x8 AVRISP-MKII.o
[...]
Memory Configuration

Name             Origin             Length             Attributes
text             0x00000000         0x00020000         xr
data             0x00800060         0x0000ffa0         rw !x
eeprom           0x00810000         0x00010000         rw !x
fuse             0x00820000         0x00000400         rw !x
lock             0x00830000         0x00000400         rw !x
signature        0x00840000         0x00000400         rw !x
user_signatures  0x00850000         0x00000400         rw !x
*default*        0x00000000         0xffffffff

Linker script and memory map

Address of section .data set to 0x800100
LOAD C:/Program Files (x86)/Atmel/Studio/7.0/Packs/atmel/ATmega_DFP/1.0.90/gcc/dev/atmega32u4/avr5/crtatmega32u4.o
LOAD AVRISP-MKII.o
LOAD AVRISPDescriptors.o
LOAD Lib/ISP/ISPProtocol.o
LOAD Lib/ISP/ISPTarget.o
LOAD Lib/V2Protocol.o
LOAD Lib/V2ProtocolParams.o
LOAD Lib/XPROG/TINYNVM.o
LOAD Lib/XPROG/XMEGANVM.o
LOAD Lib/XPROG/XPROGProtocol.o
LOAD Lib/XPROG/XPROGTarget.o
LOAD src/LUFA/LUFA/Drivers/USB/Class/Common/HIDParser.o
LOAD src/LUFA/LUFA/Drivers/USB/Class/Device/AudioClassDevice.o
LOAD src/LUFA/LUFA/Drivers/USB/Class/Device/CDCClassDevice.o
LOAD src/LUFA/LUFA/Drivers/USB/Class/Device/HIDClassDevice.o
LOAD src/LUFA/LUFA/Drivers/USB/Class/Device/MassStorageClassDevice.o
LOAD src/LUFA/LUFA/Drivers/USB/Class/Device/MIDIClassDevice.o
LOAD src/LUFA/LUFA/Drivers/USB/Class/Device/PrinterClassDevice.o
LOAD src/LUFA/LUFA/Drivers/USB/Class/Device/RNDISClassDevice.o
LOAD src/LUFA/LUFA/Drivers/USB/Class/Host/AndroidAccessoryClassHost.o
LOAD src/LUFA/LUFA/Drivers/USB/Class/Host/AudioClassHost.o
LOAD src/LUFA/LUFA/Drivers/USB/Class/Host/CDCClassHost.o
LOAD src/LUFA/LUFA/Drivers/USB/Class/Host/HIDClassHost.o
LOAD src/LUFA/LUFA/Drivers/USB/Class/Host/MassStorageClassHost.o
LOAD src/LUFA/LUFA/Drivers/USB/Class/Host/MIDIClassHost.o
LOAD src/LUFA/LUFA/Drivers/USB/Class/Host/PrinterClassHost.o
LOAD src/LUFA/LUFA/Drivers/USB/Class/Host/RNDISClassHost.o
LOAD src/LUFA/LUFA/Drivers/USB/Class/Host/StillImageClassHost.o
LOAD src/LUFA/LUFA/Drivers/USB/Core/AVR8/Device_AVR8.o
LOAD src/LUFA/LUFA/Drivers/USB/Core/AVR8/EndpointStream_AVR8.o
LOAD src/LUFA/LUFA/Drivers/USB/Core/AVR8/Endpoint_AVR8.o
LOAD src/LUFA/LUFA/Drivers/USB/Core/AVR8/Host_AVR8.o
LOAD src/LUFA/LUFA/Drivers/USB/Core/AVR8/PipeStream_AVR8.o
LOAD src/LUFA/LUFA/Drivers/USB/Core/AVR8/Pipe_AVR8.o
LOAD src/LUFA/LUFA/Drivers/USB/Core/AVR8/Template/Template_Endpoint_Control_R.o
LOAD src/LUFA/LUFA/Drivers/USB/Core/AVR8/Template/Template_Endpoint_Control_W.o
LOAD src/LUFA/LUFA/Drivers/USB/Core/AVR8/Template/Template_Endpoint_RW.o
LOAD src/LUFA/LUFA/Drivers/USB/Core/AVR8/Template/Template_Pipe_RW.o
LOAD src/LUFA/LUFA/Drivers/USB/Core/AVR8/USBController_AVR8.o
LOAD src/LUFA/LUFA/Drivers/USB/Core/AVR8/USBInterrupt_AVR8.o
LOAD src/LUFA/LUFA/Drivers/USB/Core/ConfigDescriptors.o
LOAD src/LUFA/LUFA/Drivers/USB/Core/DeviceStandardReq.o
LOAD src/LUFA/LUFA/Drivers/USB/Core/Events.o
LOAD src/LUFA/LUFA/Drivers/USB/Core/HostStandardReq.o
LOAD src/LUFA/LUFA/Drivers/USB/Core/USBTask.o
START GROUP
LOAD c:/program files (x86)/atmel/studio/7.0/toolchain/avr8/avr8-gnu-toolchain/bin/../lib/gcc/avr/4.9.2/../../../../avr/lib/avr5\libm.a
END GROUP
START GROUP
LOAD c:/program files (x86)/atmel/studio/7.0/toolchain/avr8/avr8-gnu-toolchain/bin/../lib/gcc/avr/4.9.2/avr5\libgcc.a
LOAD c:/program files (x86)/atmel/studio/7.0/toolchain/avr8/avr8-gnu-toolchain/bin/../lib/gcc/avr/4.9.2/../../../../avr/lib/avr5\libm.a
LOAD c:/program files (x86)/atmel/studio/7.0/toolchain/avr8/avr8-gnu-toolchain/bin/../lib/gcc/avr/4.9.2/../../../../avr/lib/avr5\libc.a
LOAD C:/Program Files (x86)/Atmel/Studio/7.0/Packs/atmel/ATmega_DFP/1.0.90/gcc/dev/atmega32u4/avr5\libatmega32u4.a
END GROUP

.hash
 *(.hash)

.dynsym
 *(.dynsym)

.dynstr
 *(.dynstr)

.gnu.version
 *(.gnu.version)

.gnu.version_d
 *(.gnu.version_d)

.gnu.version_r
 *(.gnu.version_r)

.rel.init
 *(.rel.init)

.rela.init
 *(.rela.init)

.rel.text
 *(.rel.text)
 *(.rel.text.*)
 *(.rel.gnu.linkonce.t*)

.rela.text
 *(.rela.text)
 *(.rela.text.*)
 *(.rela.gnu.linkonce.t*)

.rel.fini
 *(.rel.fini)

.rela.fini
 *(.rela.fini)

.rel.rodata
 *(.rel.rodata)
 *(.rel.rodata.*)
 *(.rel.gnu.linkonce.r*)

.rela.rodata
 *(.rela.rodata)
 *(.rela.rodata.*)
 *(.rela.gnu.linkonce.r*)

.rel.data
 *(.rel.data)
 *(.rel.data.*)
 *(.rel.gnu.linkonce.d*)

.rela.data
 *(.rela.data)
 *(.rela.data.*)
 *(.rela.gnu.linkonce.d*)

.rel.ctors
 *(.rel.ctors)

.rela.ctors
 *(.rela.ctors)

.rel.dtors
 *(.rel.dtors)

.rela.dtors
 *(.rela.dtors)

.rel.got
 *(.rel.got)

.rela.got
 *(.rela.got)

.rel.bss
 *(.rel.bss)

.rela.bss
 *(.rela.bss)

.rel.plt
 *(.rel.plt)

.rela.plt
 *(.rela.plt)

.text           0x00000000     0x2ee6
 *(.vectors)
 .vectors       0x00000000       0xac C:/Program Files (x86)/Atmel/Studio/7.0/Packs/atmel/ATmega_DFP/1.0.90/gcc/dev/atmega32u4/avr5/crtatmega32u4.o
                0x00000000                __vector_default
                0x00000000                __vectors
 *(.vectors)
 *(.progmem.gcc*)
                0x000000ac                . = ALIGN (0x2)
                0x000000ac                __trampolines_start = .
 *(.trampolines)
 .trampolines   0x000000ac        0x0 linker stubs
 *(.trampolines*)
                0x000000ac                __trampolines_end = .
 *(.progmem*)
 .progmem.data.AVRISP_ProductString
                0x000000ac       0x1a AVRISPDescriptors.o
                0x000000ac                AVRISP_ProductString
 .progmem.data.AVRISP_ManufacturerString
                0x000000c6        0xe AVRISPDescriptors.o
                0x000000c6                AVRISP_ManufacturerString
 .progmem.data.AVRISP_LanguageString
                0x000000d4        0x4 AVRISPDescriptors.o
                0x000000d4                AVRISP_LanguageString
 .progmem.data.AVRISP_DeviceDescriptor
                0x000000d8       0x12 AVRISPDescriptors.o
                0x000000d8                AVRISP_DeviceDescriptor
 .progmem.data.TimerCompareFromSCKDuration
                0x000000ea      0x13a Lib/ISP/ISPTarget.o
 .progmem.data.SPIMaskFromSCKDuration
                0x00000224        0x7 Lib/ISP/ISPTarget.o
                0x0000022c                . = ALIGN (0x2)
 *fill*         0x0000022b        0x1 
 *(.jumptables)
 *(.jumptables*)
 *(.lowtext)
 *(.lowtext*)
                0x0000022c                __ctors_start = .
 *(.ctors)
                0x0000022c                __ctors_end = .
                0x0000022c                __dtors_start = .
 *(.dtors)
                0x0000022c                __dtors_end = .
 SORT(*)(.ctors)
 SORT(*)(.dtors)
 *(.init0)
 .init0         0x0000022c        0x0 C:/Program Files (x86)/Atmel/Studio/7.0/Packs/atmel/ATmega_DFP/1.0.90/gcc/dev/atmega32u4/avr5/crtatmega32u4.o
                0x0000022c                __init
 *(.init0)
 *(.init1)
 *(.init1)
 *(.init2)
 .init2         0x0000022c        0xc C:/Program Files (x86)/Atmel/Studio/7.0/Packs/atmel/ATmega_DFP/1.0.90/gcc/dev/atmega32u4/avr5/crtatmega32u4.o
 *(.init2)
 *(.init3)
 *(.init3)
 *(.init4)
 .init4         0x00000238       0x16 c:/program files (x86)/atmel/studio/7.0/toolchain/avr8/avr8-gnu-toolchain/bin/../lib/gcc/avr/4.9.2/avr5\libgcc.a(_copy_data.o)
                0x00000238                __do_copy_data
 .init4         0x0000024e       0x10 c:/program files (x86)/atmel/studio/7.0/toolchain/avr8/avr8-gnu-toolchain/bin/../lib/gcc/avr/4.9.2/avr5\libgcc.a(_clear_bss.o)
                0x0000024e                __do_clear_bss
 *(.init4)
 *(.init5)
 *(.init5)
 *(.init6)
 *(.init6)
 *(.init7)
 *(.init7)
 *(.init8)
 *(.init8)
 *(.init9)
 .init9         0x0000025e        0x6 C:/Program Files (x86)/Atmel/Studio/7.0/Packs/atmel/ATmega_DFP/1.0.90/gcc/dev/atmega32u4/avr5/crtatmega32u4.o
 *(.init9)
 *(.text)
 .text          0x00000264        0x2 C:/Program Files (x86)/Atmel/Studio/7.0/Packs/atmel/ATmega_DFP/1.0.90/gcc/dev/atmega32u4/avr5/crtatmega32u4.o
                0x00000264                __vector_38
                0x00000264                __vector_22
                0x00000264                __vector_28
                0x00000264                __vector_1
                0x00000264                __vector_32
                0x00000264                __vector_34
                0x00000264                __vector_24
                0x00000264                __vector_12
                0x00000264                __bad_interrupt
                0x00000264                __vector_6
                0x00000264                __vector_31
                0x00000264                __vector_35
                0x00000264                __vector_39
                0x00000264                __vector_3
                0x00000264                __vector_23
                0x00000264                __vector_30
                0x00000264                __vector_25
                0x00000264                __vector_11
                0x00000264                __vector_13
                0x00000264                __vector_19
                0x00000264                __vector_7
                0x00000264                __vector_41
                0x00000264                __vector_27
                0x00000264                __vector_5
                0x00000264                __vector_33
                0x00000264                __vector_37
                0x00000264                __vector_4
                0x00000264                __vector_9
                0x00000264                __vector_2
                0x00000264                __vector_15
                0x00000264                __vector_36
                0x00000264                __vector_29
                0x00000264                __vector_40
                0x00000264                __vector_8
                0x00000264                __vector_26
                0x00000264                __vector_14
                0x00000264                __vector_16
                0x00000264                __vector_18
                0x00000264                __vector_20
                0x00000264                __vector_42
                0x00000266                . = ALIGN (0x2)
 *(.text.*)
 .text.SetupHardware
                0x00000266       0x40 AVRISP-MKII.o
                0x00000266                SetupHardware
 .text.EVENT_USB_Device_Connect
                0x000002a6        0xa AVRISP-MKII.o
                0x000002a6                EVENT_USB_Device_Connect
 .text.EVENT_USB_Device_Disconnect
                0x000002b0        0xa AVRISP-MKII.o
                0x000002b0                EVENT_USB_Device_Disconnect
 .text.EVENT_USB_Device_ConfigurationChanged
                0x000002ba       0x1e AVRISP-MKII.o
                0x000002ba                EVENT_USB_Device_ConfigurationChanged
 .text.AVRISP_Task
                0x000002d8       0x2c AVRISP-MKII.o
                0x000002d8                AVRISP_Task
 .text.main     0x00000304       0x16 AVRISP-MKII.o
                0x00000304                main
 .text.CALLBACK_USB_GetDescriptor
                0x0000031a        0x4 AVRISP-MKII.o
                0x0000031a                CALLBACK_USB_GetDescriptor
 .text.AVRISP_GetDescriptor
                0x0000031e       0xac AVRISPDescriptors.o
                0x0000031e                AVRISP_GetDescriptor
 .text.ISPProtocol_ProgramMemory
                0x000003ca      0x3c2 Lib/ISP/ISPProtocol.o
                0x000003ca                ISPProtocol_ProgramMemory
 .text.ISPProtocol_ReadMemory
                0x0000078c      0x230 Lib/ISP/ISPProtocol.o
                0x0000078c                ISPProtocol_ReadMemory
 .text.ISPProtocol_ReadFuseLockSigOSCCAL
                0x000009bc       0xc8 Lib/ISP/ISPProtocol.o
                0x000009bc                ISPProtocol_ReadFuseLockSigOSCCAL
 .text.ISPProtocol_WriteFuseLock
                0x00000a84       0x9c Lib/ISP/ISPProtocol.o
                0x00000a84                ISPProtocol_WriteFuseLock
 .text.ISPProtocol_SPIMulti
                0x00000b20      0x190 Lib/ISP/ISPProtocol.o
                0x00000b20                ISPProtocol_SPIMulti
 .text.ISPProtocol_DelayMS
                0x00000cb0       0x26 Lib/ISP/ISPProtocol.o
                0x00000cb0                ISPProtocol_DelayMS
 .text.ISPProtocol_EnterISPMode
                0x00000cd6      0x13e Lib/ISP/ISPProtocol.o
                0x00000cd6                ISPProtocol_EnterISPMode
 .text.ISPProtocol_LeaveISPMode
                0x00000e14       0x68 Lib/ISP/ISPProtocol.o
                0x00000e14                ISPProtocol_LeaveISPMode
 .text.ISPProtocol_ChipErase
                0x00000e7c       0xac Lib/ISP/ISPProtocol.o
                0x00000e7c                ISPProtocol_ChipErase
 .text.__vector_17
                0x00000f28       0x5c Lib/ISP/ISPTarget.o
                0x00000f28                __vector_17
 .text.ISPTarget_ConfigureRescueClock
                0x00000f84       0x28 Lib/ISP/ISPTarget.o
                0x00000f84                ISPTarget_ConfigureRescueClock
 .text.ISPTarget_DisableTargetISP
                0x00000fac       0x2a Lib/ISP/ISPTarget.o
                0x00000fac                ISPTarget_DisableTargetISP
 .text.ISPTarget_ConfigureSoftwareSPI
                0x00000fd6       0x30 Lib/ISP/ISPTarget.o
                0x00000fd6                ISPTarget_ConfigureSoftwareSPI
 .text.ISPTarget_EnableTargetISP
                0x00001006       0x54 Lib/ISP/ISPTarget.o
                0x00001006                ISPTarget_EnableTargetISP
 .text.ISPTarget_TransferSoftSPIByte
                0x0000105a       0x3e Lib/ISP/ISPTarget.o
                0x0000105a                ISPTarget_TransferSoftSPIByte
 .text.ISPTarget_ChangeTargetResetLine
                0x00001098       0x1c Lib/ISP/ISPTarget.o
                0x00001098                ISPTarget_ChangeTargetResetLine
 .text.ISPTarget_WaitWhileTargetBusy
                0x000010b4       0x74 Lib/ISP/ISPTarget.o
                0x000010b4                ISPTarget_WaitWhileTargetBusy
 .text.ISPTarget_LoadExtendedAddress
                0x00001128       0x70 Lib/ISP/ISPTarget.o
                0x00001128                ISPTarget_LoadExtendedAddress
 .text.ISPTarget_WaitForProgComplete
                0x00001198       0xcc Lib/ISP/ISPTarget.o
                0x00001198                ISPTarget_WaitForProgComplete
 .text.__vector_21
                0x00001264       0x2a Lib/V2Protocol.o
                0x00001264                __vector_21
 .text.V2Protocol_Init
                0x0000128e       0x12 Lib/V2Protocol.o
                0x0000128e                V2Protocol_Init
 .text.V2Protocol_ProcessCommand
                0x000012a0      0x2c2 Lib/V2Protocol.o
                0x000012a0                V2Protocol_ProcessCommand
 .text.V2Params_GetParamFromTable
                0x00001562       0x2e Lib/V2ProtocolParams.o
 .text.V2Params_LoadNonVolatileParamValues
                0x00001590       0x36 Lib/V2ProtocolParams.o
                0x00001590                V2Params_LoadNonVolatileParamValues
 .text.V2Params_UpdateParamValues
                0x000015c6        0x2 Lib/V2ProtocolParams.o
                0x000015c6                V2Params_UpdateParamValues
 .text.V2Params_GetParameterPrivileges
                0x000015c8       0x10 Lib/V2ProtocolParams.o
                0x000015c8                V2Params_GetParameterPrivileges
 .text.V2Params_GetParameterValue
                0x000015d8       0x10 Lib/V2ProtocolParams.o
                0x000015d8                V2Params_GetParameterValue
 .text.V2Params_SetParameterValue
                0x000015e8       0x36 Lib/V2ProtocolParams.o
                0x000015e8                V2Params_SetParameterValue
 .text.TINYNVM_SendWriteNVMRegister
                0x0000161e       0x10 Lib/XPROG/TINYNVM.o
 .text.TINYNVM_SendPointerAddress
                0x0000162e       0x1e Lib/XPROG/TINYNVM.o
 .text.TINYNVM_WaitWhileNVMBusBusy
                0x0000164c       0x18 Lib/XPROG/TINYNVM.o
                0x0000164c                TINYNVM_WaitWhileNVMBusBusy
 .text.TINYNVM_WaitWhileNVMControllerBusy
                0x00001664       0x26 Lib/XPROG/TINYNVM.o
                0x00001664                TINYNVM_WaitWhileNVMControllerBusy
 .text.TINYNVM_EnableTPI
                0x0000168a       0x7c Lib/XPROG/TINYNVM.o
                0x0000168a                TINYNVM_EnableTPI
 .text.TINYNVM_DisableTPI
                0x00001706       0x18 Lib/XPROG/TINYNVM.o
                0x00001706                TINYNVM_DisableTPI
 .text.TINYNVM_ReadMemory
                0x0000171e       0x68 Lib/XPROG/TINYNVM.o
                0x0000171e                TINYNVM_ReadMemory
 .text.TINYNVM_WriteMemory
                0x00001786       0x78 Lib/XPROG/TINYNVM.o
                0x00001786                TINYNVM_WriteMemory
 .text.TINYNVM_EraseMemory
                0x000017fe       0x32 Lib/XPROG/TINYNVM.o
                0x000017fe                TINYNVM_EraseMemory
 .text.XMEGANVM_SendAddress
                0x00001830       0x24 Lib/XPROG/XMEGANVM.o
 .text.XMEGANVM_SendNVMRegAddress
                0x00001854       0x26 Lib/XPROG/XMEGANVM.o
 .text.XMEGANVM_WaitWhileNVMBusBusy
                0x0000187a       0x18 Lib/XPROG/XMEGANVM.o
                0x0000187a                XMEGANVM_WaitWhileNVMBusBusy
 .text.XMEGANVM_WaitWhileNVMControllerBusy
                0x00001892       0x20 Lib/XPROG/XMEGANVM.o
                0x00001892                XMEGANVM_WaitWhileNVMControllerBusy
 .text.XMEGANVM_EnablePDI
                0x000018b2       0x84 Lib/XPROG/XMEGANVM.o
                0x000018b2                XMEGANVM_EnablePDI
 .text.XMEGANVM_DisablePDI
                0x00001936       0x18 Lib/XPROG/XMEGANVM.o
                0x00001936                XMEGANVM_DisablePDI
 .text.XMEGANVM_GetMemoryCRC
                0x0000194e       0x78 Lib/XPROG/XMEGANVM.o
                0x0000194e                XMEGANVM_GetMemoryCRC
 .text.XMEGANVM_ReadMemory
                0x000019c6       0x98 Lib/XPROG/XMEGANVM.o
                0x000019c6                XMEGANVM_ReadMemory
 .text.XMEGANVM_WriteByteMemory
                0x00001a5e       0x4a Lib/XPROG/XMEGANVM.o
                0x00001a5e                XMEGANVM_WriteByteMemory
 .text.XMEGANVM_WritePageMemory
                0x00001aa8       0xe8 Lib/XPROG/XMEGANVM.o
                0x00001aa8                XMEGANVM_WritePageMemory
 .text.XMEGANVM_EraseMemory
                0x00001b90       0xea Lib/XPROG/XMEGANVM.o
                0x00001b90                XMEGANVM_EraseMemory
 .text.XPROGProtocol_WriteMemory
                0x00001c7a      0x176 Lib/XPROG/XPROGProtocol.o
 .text.XPROGProtocol_ReadMemory
                0x00001df0       0xde Lib/XPROG/XPROGProtocol.o
 .text.XPROGProtocol_SetMode
                0x00001ece       0x60 Lib/XPROG/XPROGProtocol.o
                0x00001ece                XPROGProtocol_SetMode
 .text.XPROGProtocol_Command
                0x00001f2e      0x2fe Lib/XPROG/XPROGProtocol.o
                0x00001f2e                XPROGProtocol_Command
 .text.XPROGTarget_SetTxMode
                0x0000222c       0x28 Lib/XPROG/XPROGTarget.o
 .text.XPROGTarget_SetRxMode
                0x00002254       0x2e Lib/XPROG/XPROGTarget.o
 .text.XPROGTarget_DisableTargetPDI
                0x00002282       0x24 Lib/XPROG/XPROGTarget.o
                0x00002282                XPROGTarget_DisableTargetPDI
 .text.XPROGTarget_DisableTargetTPI
                0x000022a6       0x2c Lib/XPROG/XPROGTarget.o
                0x000022a6                XPROGTarget_DisableTargetTPI
 .text.XPROGTarget_SendByte
                0x000022d2       0x2a Lib/XPROG/XPROGTarget.o
                0x000022d2                XPROGTarget_SendByte
 .text.XPROGTarget_ReceiveByte
                0x000022fc       0x1e Lib/XPROG/XPROGTarget.o
                0x000022fc                XPROGTarget_ReceiveByte
 .text.XPROGTarget_SendIdle
                0x0000231a       0x1e Lib/XPROG/XPROGTarget.o
                0x0000231a                XPROGTarget_SendIdle
 .text.XPROGTarget_EnableTargetPDI
                0x00002338       0x38 Lib/XPROG/XPROGTarget.o
                0x00002338                XPROGTarget_EnableTargetPDI
 .text.XPROGTarget_EnableTargetTPI
                0x00002370       0x3a Lib/XPROG/XPROGTarget.o
                0x00002370                XPROGTarget_EnableTargetTPI
 .text.Endpoint_Write_Stream_LE
                0x000023aa       0xba src/LUFA/LUFA/Drivers/USB/Core/AVR8/EndpointStream_AVR8.o
                0x000023aa                Endpoint_Write_Stream_LE
 .text.Endpoint_Read_Stream_LE
                0x00002464       0xba src/LUFA/LUFA/Drivers/USB/Core/AVR8/EndpointStream_AVR8.o
                0x00002464                Endpoint_Read_Stream_LE
 .text.Endpoint_Read_Stream_BE
                0x0000251e       0xc4 src/LUFA/LUFA/Drivers/USB/Core/AVR8/EndpointStream_AVR8.o
                0x0000251e                Endpoint_Read_Stream_BE
 .text.Endpoint_Write_Control_Stream_LE
                0x000025e2      0x104 src/LUFA/LUFA/Drivers/USB/Core/AVR8/EndpointStream_AVR8.o
                0x000025e2                Endpoint_Write_Control_Stream_LE
 .text.Endpoint_Write_Control_PStream_LE
                0x000026e6      0x106 src/LUFA/LUFA/Drivers/USB/Core/AVR8/EndpointStream_AVR8.o
                0x000026e6                Endpoint_Write_Control_PStream_LE
 .text.Endpoint_Write_Control_EStream_LE
                0x000027ec      0x14a src/LUFA/LUFA/Drivers/USB/Core/AVR8/EndpointStream_AVR8.o
                0x000027ec                Endpoint_Write_Control_EStream_LE
 .text.Endpoint_ConfigureEndpoint_Prv
                0x00002936       0x28 src/LUFA/LUFA/Drivers/USB/Core/AVR8/Endpoint_AVR8.o
                0x00002936                Endpoint_ConfigureEndpoint_Prv
 .text.Endpoint_ClearStatusStage
                0x0000295e       0x44 src/LUFA/LUFA/Drivers/USB/Core/AVR8/Endpoint_AVR8.o
                0x0000295e                Endpoint_ClearStatusStage
 .text.Endpoint_WaitUntilReady
                0x000029a2       0x80 src/LUFA/LUFA/Drivers/USB/Core/AVR8/Endpoint_AVR8.o
                0x000029a2                Endpoint_WaitUntilReady
 .text.USB_ResetInterface
                0x00002a22       0x76 src/LUFA/LUFA/Drivers/USB/Core/AVR8/USBController_AVR8.o
                0x00002a22                USB_ResetInterface
 .text.USB_Init
                0x00002a98       0x22 src/LUFA/LUFA/Drivers/USB/Core/AVR8/USBController_AVR8.o
                0x00002a98                USB_Init
 .text.USB_INT_DisableAllInterrupts
                0x00002aba       0x10 src/LUFA/LUFA/Drivers/USB/Core/AVR8/USBInterrupt_AVR8.o
                0x00002aba                USB_INT_DisableAllInterrupts
 .text.USB_INT_ClearAllInterrupts
                0x00002aca        0xa src/LUFA/LUFA/Drivers/USB/Core/AVR8/USBInterrupt_AVR8.o
                0x00002aca                USB_INT_ClearAllInterrupts
 .text.__vector_10
                0x00002ad4      0x15c src/LUFA/LUFA/Drivers/USB/Core/AVR8/USBInterrupt_AVR8.o
                0x00002ad4                __vector_10
 .text.USB_Device_ProcessControlRequest
                0x00002c30      0x24a src/LUFA/LUFA/Drivers/USB/Core/DeviceStandardReq.o
                0x00002c30                USB_Device_ProcessControlRequest
 .text.USB_Event_Stub
                0x00002e7a        0x2 src/LUFA/LUFA/Drivers/USB/Core/Events.o
                0x00002e7a                USB_Event_Stub
                0x00002e7a                EVENT_USB_Device_Suspend
                0x00002e7a                EVENT_USB_Device_StartOfFrame
                0x00002e7a                EVENT_USB_Device_Reset
                0x00002e7a                EVENT_USB_Device_ControlRequest
                0x00002e7a                EVENT_USB_Device_WakeUp
 .text.USB_USBTask
                0x00002e7c       0x32 src/LUFA/LUFA/Drivers/USB/Core/USBTask.o
                0x00002e7c                USB_USBTask
 .text.avr-libc
                0x00002eae       0x10 C:/Program Files (x86)/Atmel/Studio/7.0/Packs/atmel/ATmega_DFP/1.0.90/gcc/dev/atmega32u4/avr5\libatmega32u4.a(eerd_byte.o)
                0x00002eae                eeprom_read_byte
 .text.avr-libc
                0x00002ebe       0x24 C:/Program Files (x86)/Atmel/Studio/7.0/Packs/atmel/ATmega_DFP/1.0.90/gcc/dev/atmega32u4/avr5\libatmega32u4.a(eeupd_byte.o)
                0x00002ebe                eeprom_update_byte
                0x00002ec0                eeprom_update_r18
                0x00002ee2                . = ALIGN (0x2)
 *(.fini9)
 .fini9         0x00002ee2        0x0 c:/program files (x86)/atmel/studio/7.0/toolchain/avr8/avr8-gnu-toolchain/bin/../lib/gcc/avr/4.9.2/avr5\libgcc.a(_exit.o)
                0x00002ee2                _exit
                0x00002ee2                exit
 *(.fini9)
 *(.fini8)
 *(.fini8)
 *(.fini7)
 *(.fini7)
 *(.fini6)
 *(.fini6)
 *(.fini5)
 *(.fini5)
 *(.fini4)
 *(.fini4)
 *(.fini3)
 *(.fini3)
 *(.fini2)
 *(.fini2)
 *(.fini1)
 *(.fini1)
 *(.fini0)
 .fini0         0x00002ee2        0x4 c:/program files (x86)/atmel/studio/7.0/toolchain/avr8/avr8-gnu-toolchain/bin/../lib/gcc/avr/4.9.2/avr5\libgcc.a(_exit.o)
 *(.fini0)
                0x00002ee6                _etext = .

.data           0x00800100       0x80 load address 0x00002ee6
                0x00800100                PROVIDE (__data_start, .)
 *(.data)
 *(.data*)
 .data.AVRISP_SerialString
                0x00800100       0x1e AVRISPDescriptors.o
                0x00800100                AVRISP_SerialString
 .data.AVRISP_ConfigurationDescriptor
                0x0080011e       0x20 AVRISPDescriptors.o
                0x0080011e                AVRISP_ConfigurationDescriptor
 .data.HardwareSPIMode
                0x0080013e        0x1 Lib/ISP/ISPTarget.o
                0x0080013e                HardwareSPIMode
 .data.ParameterTable
                0x0080013f       0x1e Lib/V2ProtocolParams.o
 .data.XPROG_Param_NVMCSRRegAddr
                0x0080015d        0x1 Lib/XPROG/XPROGProtocol.o
                0x0080015d                XPROG_Param_NVMCSRRegAddr
 .data.XPROG_Param_NVMCMDRegAddr
                0x0080015e        0x1 Lib/XPROG/XPROGProtocol.o
                0x0080015e                XPROG_Param_NVMCMDRegAddr
 .data.XPROG_Param_EEPageSize
                0x0080015f        0x2 Lib/XPROG/XPROGProtocol.o
                0x0080015f                XPROG_Param_EEPageSize
 .data.XPROG_Param_NVMBase
                0x00800161        0x4 Lib/XPROG/XPROGProtocol.o
                0x00800161                XPROG_Param_NVMBase
 *(.rodata)
 .rodata        0x00800165        0x8 Lib/XPROG/TINYNVM.o
 .rodata        0x0080016d        0x8 Lib/XPROG/XMEGANVM.o
 *(.rodata*)
 .rodata.str1.1
                0x00800175        0xb Lib/V2Protocol.o
 *(.gnu.linkonce.d*)
                0x00800180                . = ALIGN (0x2)
                0x00800180                _edata = .
                0x00800180                PROVIDE (__data_end, .)

.bss            0x00800180       0x13
                0x00800180                PROVIDE (__bss_start, .)
 *(.bss)
 *(.bss*)
 .bss.SoftSPI_BitsRemaining
                0x00800180        0x1 Lib/ISP/ISPTarget.o
 .bss.SoftSPI_Data
                0x00800181        0x1 Lib/ISP/ISPTarget.o
 .bss.XPROG_SelectedProtocol
                0x00800182        0x1 Lib/XPROG/XPROGProtocol.o
                0x00800182                XPROG_SelectedProtocol
 *(COMMON)
 COMMON         0x00800183        0x5 Lib/V2Protocol.o
                0x00800183                MustLoadExtendedAddress
                0x00800184                CurrentAddress
 COMMON         0x00800188        0x1 Lib/XPROG/XPROGTarget.o
                0x00800188                IsSending
 COMMON         0x00800189        0x1 src/LUFA/LUFA/Drivers/USB/Core/DeviceStandardReq.o
                0x00800189                USB_Device_ConfigurationNumber
 COMMON         0x0080018a        0x9 src/LUFA/LUFA/Drivers/USB/Core/USBTask.o
                0x0080018a                USB_IsInitialized
                0x0080018b                USB_ControlRequest
                0x00800193                PROVIDE (__bss_end, .)
                0x00002ee6                __data_load_start = LOADADDR (.data)
                0x00002f66                __data_load_end = (__data_load_start + SIZEOF (.data))

.noinit         0x00800193        0x0
                0x00800193                PROVIDE (__noinit_start, .)
 *(.noinit*)
                0x00800193                PROVIDE (__noinit_end, .)
                0x00800193                _end = .
                0x00800193                PROVIDE (__heap_start, .)

.eeprom         0x00810000        0x2
 *(.eeprom*)
 .eeprom        0x00810000        0x2 Lib/V2ProtocolParams.o
                0x00810002                __eeprom_end = .

.fuse
 *(.fuse)
 *(.lfuse)
 *(.hfuse)
 *(.efuse)

.lock
 *(.lock*)

.signature
 *(.signature*)

.user_signatures
 *(.user_signatures*)

.stab
 *(.stab)

.stabstr
 *(.stabstr)

.stab.excl
 *(.stab.excl)

.stab.exclstr
 *(.stab.exclstr)

.stab.index
 *(.stab.index)

.stab.indexstr
 *(.stab.indexstr)

.comment        0x00000000       0x30
 *(.comment)
 .comment       0x00000000       0x30 AVRISP-MKII.o
                                 0x31 (size before relaxing)
 .comment       0x00000030       0x31 AVRISPDescriptors.o
 .comment       0x00000030       0x31 Lib/ISP/ISPProtocol.o
 .comment       0x00000030       0x31 Lib/ISP/ISPTarget.o
 .comment       0x00000030       0x31 Lib/V2Protocol.o
 .comment       0x00000030       0x31 Lib/V2ProtocolParams.o
 .comment       0x00000030       0x31 Lib/XPROG/TINYNVM.o
 .comment       0x00000030       0x31 Lib/XPROG/XMEGANVM.o
 .comment       0x00000030       0x31 Lib/XPROG/XPROGProtocol.o
 .comment       0x00000030       0x31 Lib/XPROG/XPROGTarget.o
 .comment       0x00000030       0x31 src/LUFA/LUFA/Drivers/USB/Core/AVR8/EndpointStream_AVR8.o
 .comment       0x00000030       0x31 src/LUFA/LUFA/Drivers/USB/Core/AVR8/Endpoint_AVR8.o
 .comment       0x00000030       0x31 src/LUFA/LUFA/Drivers/USB/Core/AVR8/USBController_AVR8.o
 .comment       0x00000030       0x31 src/LUFA/LUFA/Drivers/USB/Core/AVR8/USBInterrupt_AVR8.o
 .comment       0x00000030       0x31 src/LUFA/LUFA/Drivers/USB/Core/DeviceStandardReq.o
 .comment       0x00000030       0x31 src/LUFA/LUFA/Drivers/USB/Core/Events.o
 .comment       0x00000030       0x31 src/LUFA/LUFA/Drivers/USB/Core/USBTask.o

.note.gnu.avr.deviceinfo
                0x00000000       0x40
 .note.gnu.avr.deviceinfo
                0x00000000       0x40 C:/Program Files (x86)/Atmel/Studio/7.0/Packs/atmel/ATmega_DFP/1.0.90/gcc/dev/atmega32u4/avr5/crtatmega32u4.o

.note.gnu.build-id
 *(.note.gnu.build-id)

.debug
 *(.debug)

.line
 *(.line)

.debug_srcinfo
 *(.debug_srcinfo)

.debug_sfnames
 *(.debug_sfnames)

.debug_aranges  0x00000000      0x4e0
 *(.debug_aranges)
 .debug_aranges
                0x00000000       0x50 AVRISP-MKII.o
 .debug_aranges
                0x00000050       0x20 AVRISPDescriptors.o
 .debug_aranges
                0x00000070       0x60 Lib/ISP/ISPProtocol.o
 .debug_aranges
                0x000000d0       0x68 Lib/ISP/ISPTarget.o
 .debug_aranges
                0x00000138       0x30 Lib/V2Protocol.o
 .debug_aranges
                0x00000168       0x48 Lib/V2ProtocolParams.o
 .debug_aranges
                0x000001b0       0x60 Lib/XPROG/TINYNVM.o
 .debug_aranges
                0x00000210       0x70 Lib/XPROG/XMEGANVM.o
 .debug_aranges
                0x00000280       0x38 Lib/XPROG/XPROGProtocol.o
 .debug_aranges
                0x000002b8       0x60 Lib/XPROG/XPROGTarget.o
 .debug_aranges
                0x00000318       0xc8 src/LUFA/LUFA/Drivers/USB/Core/AVR8/EndpointStream_AVR8.o
 .debug_aranges
                0x000003e0       0x40 src/LUFA/LUFA/Drivers/USB/Core/AVR8/Endpoint_AVR8.o
 .debug_aranges
                0x00000420       0x30 src/LUFA/LUFA/Drivers/USB/Core/AVR8/USBController_AVR8.o
 .debug_aranges
                0x00000450       0x30 src/LUFA/LUFA/Drivers/USB/Core/AVR8/USBInterrupt_AVR8.o
 .debug_aranges
                0x00000480       0x20 src/LUFA/LUFA/Drivers/USB/Core/DeviceStandardReq.o
 .debug_aranges
                0x000004a0       0x20 src/LUFA/LUFA/Drivers/USB/Core/Events.o
 .debug_aranges
                0x000004c0       0x20 src/LUFA/LUFA/Drivers/USB/Core/USBTask.o

.debug_pubnames
 *(.debug_pubnames)

.debug_info     0x00000000     0x9420
 *(.debug_info .gnu.linkonce.wi.*)
 .debug_info    0x00000000      0x5dc AVRISP-MKII.o
 .debug_info    0x000005dc      0x63a AVRISPDescriptors.o
 .debug_info    0x00000c16     0x18c3 Lib/ISP/ISPProtocol.o
 .debug_info    0x000024d9      0x814 Lib/ISP/ISPTarget.o
 .debug_info    0x00002ced      0x92e Lib/V2Protocol.o
 .debug_info    0x0000361b      0x391 Lib/V2ProtocolParams.o
 .debug_info    0x000039ac      0x5b3 Lib/XPROG/TINYNVM.o
 .debug_info    0x00003f5f      0xc8d Lib/XPROG/XMEGANVM.o
 .debug_info    0x00004bec     0x11f8 Lib/XPROG/XPROGProtocol.o
 .debug_info    0x00005de4      0x2d8 Lib/XPROG/XPROGTarget.o
 .debug_info    0x000060bc     0x1818 src/LUFA/LUFA/Drivers/USB/Core/AVR8/EndpointStream_AVR8.o
 .debug_info    0x000078d4      0x58a src/LUFA/LUFA/Drivers/USB/Core/AVR8/Endpoint_AVR8.o
 .debug_info    0x00007e5e      0x4a2 src/LUFA/LUFA/Drivers/USB/Core/AVR8/USBController_AVR8.o
 .debug_info    0x00008300      0x5fd src/LUFA/LUFA/Drivers/USB/Core/AVR8/USBInterrupt_AVR8.o
 .debug_info    0x000088fd      0x84f src/LUFA/LUFA/Drivers/USB/Core/DeviceStandardReq.o
 .debug_info    0x0000914c       0x7c src/LUFA/LUFA/Drivers/USB/Core/Events.o
 .debug_info    0x000091c8      0x258 src/LUFA/LUFA/Drivers/USB/Core/USBTask.o

.debug_abbrev   0x00000000     0x21e9
 *(.debug_abbrev)
 .debug_abbrev  0x00000000      0x24d AVRISP-MKII.o
 .debug_abbrev  0x0000024d      0x139 AVRISPDescriptors.o
 .debug_abbrev  0x00000386      0x3b7 Lib/ISP/ISPProtocol.o
 .debug_abbrev  0x0000073d      0x2ba Lib/ISP/ISPTarget.o
 .debug_abbrev  0x000009f7      0x26d Lib/V2Protocol.o
 .debug_abbrev  0x00000c64      0x178 Lib/V2ProtocolParams.o
 .debug_abbrev  0x00000ddc      0x1c5 Lib/XPROG/TINYNVM.o
 .debug_abbrev  0x00000fa1      0x1bc Lib/XPROG/XMEGANVM.o
 .debug_abbrev  0x0000115d      0x352 Lib/XPROG/XPROGProtocol.o
 .debug_abbrev  0x000014af      0x170 Lib/XPROG/XPROGTarget.o
 .debug_abbrev  0x0000161f      0x211 src/LUFA/LUFA/Drivers/USB/Core/AVR8/EndpointStream_AVR8.o
 .debug_abbrev  0x00001830      0x231 src/LUFA/LUFA/Drivers/USB/Core/AVR8/Endpoint_AVR8.o
 .debug_abbrev  0x00001a61      0x18b src/LUFA/LUFA/Drivers/USB/Core/AVR8/USBController_AVR8.o
 .debug_abbrev  0x00001bec      0x1d1 src/LUFA/LUFA/Drivers/USB/Core/AVR8/USBInterrupt_AVR8.o
 .debug_abbrev  0x00001dbd      0x27a src/LUFA/LUFA/Drivers/USB/Core/DeviceStandardReq.o
 .debug_abbrev  0x00002037       0x47 src/LUFA/LUFA/Drivers/USB/Core/Events.o
 .debug_abbrev  0x0000207e      0x16b src/LUFA/LUFA/Drivers/USB/Core/USBTask.o

.debug_line     0x00000000    0x110f9
 *(.debug_line .debug_line.* .debug_line_end)
 .debug_line    0x00000000     0x1151 AVRISP-MKII.o
 .debug_line    0x00001151      0xdf0 AVRISPDescriptors.o
 .debug_line    0x00001f41     0x19cd Lib/ISP/ISPProtocol.o
 .debug_line    0x0000390e     0x140d Lib/ISP/ISPTarget.o
 .debug_line    0x00004d1b     0x120e Lib/V2Protocol.o
 .debug_line    0x00005f29     0x1082 Lib/V2ProtocolParams.o
 .debug_line    0x00006fab     0x11d4 Lib/XPROG/TINYNVM.o
 .debug_line    0x0000817f     0x1416 Lib/XPROG/XMEGANVM.o
 .debug_line    0x00009595     0x14ee Lib/XPROG/XPROGProtocol.o
 .debug_line    0x0000aa83     0x1240 Lib/XPROG/XPROGTarget.o
 .debug_line    0x0000bcc3     0x1ead src/LUFA/LUFA/Drivers/USB/Core/AVR8/EndpointStream_AVR8.o
 .debug_line    0x0000db70      0xbb0 src/LUFA/LUFA/Drivers/USB/Core/AVR8/Endpoint_AVR8.o
 .debug_line    0x0000e720      0x8c5 src/LUFA/LUFA/Drivers/USB/Core/AVR8/USBController_AVR8.o
 .debug_line    0x0000efe5      0xac5 src/LUFA/LUFA/Drivers/USB/Core/AVR8/USBInterrupt_AVR8.o
 .debug_line    0x0000faaa      0x9dd src/LUFA/LUFA/Drivers/USB/Core/DeviceStandardReq.o
 .debug_line    0x00010487      0x479 src/LUFA/LUFA/Drivers/USB/Core/Events.o
 .debug_line    0x00010900      0x7f9 src/LUFA/LUFA/Drivers/USB/Core/USBTask.o

.debug_frame    0x00000000     0x1198
 *(.debug_frame)
 .debug_frame   0x00000000       0x84 AVRISP-MKII.o
 .debug_frame   0x00000084       0x24 AVRISPDescriptors.o
 .debug_frame   0x000000a8      0x254 Lib/ISP/ISPProtocol.o
 .debug_frame   0x000002fc       0xd8 Lib/ISP/ISPTarget.o
 .debug_frame   0x000003d4       0x7c Lib/V2Protocol.o
 .debug_frame   0x00000450       0x8c Lib/V2ProtocolParams.o
 .debug_frame   0x000004dc      0x130 Lib/XPROG/TINYNVM.o
 .debug_frame   0x0000060c      0x1d8 Lib/XPROG/XMEGANVM.o
 .debug_frame   0x000007e4       0xc4 Lib/XPROG/XPROGProtocol.o
 .debug_frame   0x000008a8       0xac Lib/XPROG/XPROGTarget.o
 .debug_frame   0x00000954      0x618 src/LUFA/LUFA/Drivers/USB/Core/AVR8/EndpointStream_AVR8.o
 .debug_frame   0x00000f6c       0xbc src/LUFA/LUFA/Drivers/USB/Core/AVR8/Endpoint_AVR8.o
 .debug_frame   0x00001028       0x58 src/LUFA/LUFA/Drivers/USB/Core/AVR8/USBController_AVR8.o
 .debug_frame   0x00001080       0x8c src/LUFA/LUFA/Drivers/USB/Core/AVR8/USBInterrupt_AVR8.o
 .debug_frame   0x0000110c       0x3c src/LUFA/LUFA/Drivers/USB/Core/DeviceStandardReq.o
 .debug_frame   0x00001148       0x24 src/LUFA/LUFA/Drivers/USB/Core/Events.o
 .debug_frame   0x0000116c       0x2c src/LUFA/LUFA/Drivers/USB/Core/USBTask.o

.debug_str      0x00000000    0x19de8
 *(.debug_str)
 .debug_str     0x00000000    0x172e6 AVRISP-MKII.o
                              0x17579 (size before relaxing)
 .debug_str     0x000172e6      0x64e AVRISPDescriptors.o
                              0x15357 (size before relaxing)
 .debug_str     0x00017934      0x615 Lib/ISP/ISPProtocol.o
                              0x17257 (size before relaxing)
 .debug_str     0x00017f49      0x10d Lib/ISP/ISPTarget.o
                              0x16e97 (size before relaxing)
 .debug_str     0x00018056      0x182 Lib/V2Protocol.o
                              0x16f9f (size before relaxing)
 .debug_str     0x000181d8      0x105 Lib/V2ProtocolParams.o
                              0x16d9d (size before relaxing)
 .debug_str     0x000182dd      0x22d Lib/XPROG/TINYNVM.o
                              0x16e1c (size before relaxing)
 .debug_str     0x0001850a      0x20e Lib/XPROG/XMEGANVM.o
                              0x16ea6 (size before relaxing)
 .debug_str     0x00018718      0x22b Lib/XPROG/XPROGProtocol.o
                              0x1711e (size before relaxing)
 .debug_str     0x00018943       0x91 Lib/XPROG/XPROGTarget.o
                              0x16d58 (size before relaxing)
 .debug_str     0x000189d4      0x9de src/LUFA/LUFA/Drivers/USB/Core/AVR8/EndpointStream_AVR8.o
                               0xf66b (size before relaxing)
 .debug_str     0x000193b2      0x24e src/LUFA/LUFA/Drivers/USB/Core/AVR8/Endpoint_AVR8.o
                               0xeceb (size before relaxing)
 .debug_str     0x00019600      0x265 src/LUFA/LUFA/Drivers/USB/Core/AVR8/USBController_AVR8.o
                               0xec2f (size before relaxing)
 .debug_str     0x00019865      0x11a src/LUFA/LUFA/Drivers/USB/Core/AVR8/USBInterrupt_AVR8.o
                               0xec04 (size before relaxing)
 .debug_str     0x0001997f      0x398 src/LUFA/LUFA/Drivers/USB/Core/DeviceStandardReq.o
                               0xef1c (size before relaxing)
 .debug_str     0x00019d17       0x53 src/LUFA/LUFA/Drivers/USB/Core/Events.o
                               0xde7d (size before relaxing)
 .debug_str     0x00019d6a       0x7e src/LUFA/LUFA/Drivers/USB/Core/USBTask.o
                               0xea8d (size before relaxing)

.debug_loc      0x00000000     0x6700
 *(.debug_loc)
 .debug_loc     0x00000000       0xf4 AVRISP-MKII.o
 .debug_loc     0x000000f4      0x363 AVRISPDescriptors.o
 .debug_loc     0x00000457     0x10e9 Lib/ISP/ISPProtocol.o
 .debug_loc     0x00001540      0x4ae Lib/ISP/ISPTarget.o
 .debug_loc     0x000019ee      0x383 Lib/V2Protocol.o
 .debug_loc     0x00001d71      0x26e Lib/V2ProtocolParams.o
 .debug_loc     0x00001fdf      0x47a Lib/XPROG/TINYNVM.o
 .debug_loc     0x00002459      0x86c Lib/XPROG/XMEGANVM.o
 .debug_loc     0x00002cc5      0x8e7 Lib/XPROG/XPROGProtocol.o
 .debug_loc     0x000035ac       0x7e Lib/XPROG/XPROGTarget.o
 .debug_loc     0x0000362a     0x2797 src/LUFA/LUFA/Drivers/USB/Core/AVR8/EndpointStream_AVR8.o
 .debug_loc     0x00005dc1      0x433 src/LUFA/LUFA/Drivers/USB/Core/AVR8/Endpoint_AVR8.o
 .debug_loc     0x000061f4       0x49 src/LUFA/LUFA/Drivers/USB/Core/AVR8/USBController_AVR8.o
 .debug_loc     0x0000623d      0x21f src/LUFA/LUFA/Drivers/USB/Core/AVR8/USBInterrupt_AVR8.o
 .debug_loc     0x0000645c      0x25b src/LUFA/LUFA/Drivers/USB/Core/DeviceStandardReq.o
 .debug_loc     0x000066b7       0x49 src/LUFA/LUFA/Drivers/USB/Core/USBTask.o

.debug_macinfo
 *(.debug_macinfo)

.debug_weaknames
 *(.debug_weaknames)

.debug_funcnames
 *(.debug_funcnames)

.debug_typenames
 *(.debug_typenames)

.debug_varnames
 *(.debug_varnames)

.debug_pubtypes
 *(.debug_pubtypes)

.debug_ranges   0x00000000      0xfa8
 *(.debug_ranges)
 .debug_ranges  0x00000000       0x40 AVRISP-MKII.o
 .debug_ranges  0x00000040       0x10 AVRISPDescriptors.o
 .debug_ranges  0x00000050       0xf8 Lib/ISP/ISPProtocol.o
 .debug_ranges  0x00000148       0x58 Lib/ISP/ISPTarget.o
 .debug_ranges  0x000001a0       0xe8 Lib/V2Protocol.o
 .debug_ranges  0x00000288       0x50 Lib/V2ProtocolParams.o
 .debug_ranges  0x000002d8       0x50 Lib/XPROG/TINYNVM.o
 .debug_ranges  0x00000328       0x60 Lib/XPROG/XMEGANVM.o
 .debug_ranges  0x00000388       0xf0 Lib/XPROG/XPROGProtocol.o
 .debug_ranges  0x00000478       0x50 Lib/XPROG/XPROGTarget.o
 .debug_ranges  0x000004c8      0x918 src/LUFA/LUFA/Drivers/USB/Core/AVR8/EndpointStream_AVR8.o
 .debug_ranges  0x00000de0      0x128 src/LUFA/LUFA/Drivers/USB/Core/AVR8/Endpoint_AVR8.o
 .debug_ranges  0x00000f08       0x20 src/LUFA/LUFA/Drivers/USB/Core/AVR8/USBController_AVR8.o
 .debug_ranges  0x00000f28       0x20 src/LUFA/LUFA/Drivers/USB/Core/AVR8/USBInterrupt_AVR8.o
 .debug_ranges  0x00000f48       0x40 src/LUFA/LUFA/Drivers/USB/Core/DeviceStandardReq.o
 .debug_ranges  0x00000f88       0x10 src/LUFA/LUFA/Drivers/USB/Core/Events.o
 .debug_ranges  0x00000f98       0x10 src/LUFA/LUFA/Drivers/USB/Core/USBTask.o

.debug_macro    0x00000000     0xa8fd
 *(.debug_macro)
 .debug_macro   0x00000000      0x555 AVRISP-MKII.o
 .debug_macro   0x00000555      0xa72 AVRISP-MKII.o
 .debug_macro   0x00000fc7       0x10 AVRISP-MKII.o
 .debug_macro   0x00000fd7      0x1ad AVRISP-MKII.o
 .debug_macro   0x00001184      0x293 AVRISP-MKII.o
 .debug_macro   0x00001417       0x9e AVRISP-MKII.o
 .debug_macro   0x000014b5     0x207d AVRISP-MKII.o
 .debug_macro   0x00003532      0x14f AVRISP-MKII.o
 .debug_macro   0x00003681       0xd9 AVRISP-MKII.o
 .debug_macro   0x0000375a       0x34 AVRISP-MKII.o
 .debug_macro   0x0000378e       0x18 AVRISP-MKII.o
 .debug_macro   0x000037a6       0x6c AVRISP-MKII.o
 .debug_macro   0x00003812       0x68 AVRISP-MKII.o
 .debug_macro   0x0000387a       0x69 AVRISP-MKII.o
 .debug_macro   0x000038e3       0xab AVRISP-MKII.o
 .debug_macro   0x0000398e       0x10 AVRISP-MKII.o
 .debug_macro   0x0000399e       0x10 AVRISP-MKII.o
 .debug_macro   0x000039ae       0x22 AVRISP-MKII.o
 .debug_macro   0x000039d0       0x16 AVRISP-MKII.o
 .debug_macro   0x000039e6       0x97 AVRISP-MKII.o
 .debug_macro   0x00003a7d       0x16 AVRISP-MKII.o
 .debug_macro   0x00003a93       0xef AVRISP-MKII.o
 .debug_macro   0x00003b82       0x22 AVRISP-MKII.o
 .debug_macro   0x00003ba4      0x1a0 AVRISP-MKII.o
 .debug_macro   0x00003d44       0x36 AVRISP-MKII.o
 .debug_macro   0x00003d7a       0x1c AVRISP-MKII.o
 .debug_macro   0x00003d96       0x68 AVRISP-MKII.o
 .debug_macro   0x00003dfe       0x46 AVRISP-MKII.o
 .debug_macro   0x00003e44       0x10 AVRISP-MKII.o
 .debug_macro   0x00003e54       0x35 AVRISP-MKII.o
 .debug_macro   0x00003e89      0x175 AVRISP-MKII.o
 .debug_macro   0x00003ffe       0x33 AVRISP-MKII.o
 .debug_macro   0x00004031      0x10c AVRISP-MKII.o
 .debug_macro   0x0000413d      0x160 AVRISP-MKII.o
 .debug_macro   0x0000429d      0x160 AVRISP-MKII.o
 .debug_macro   0x000043fd       0x10 AVRISP-MKII.o
 .debug_macro   0x0000440d       0x1c AVRISP-MKII.o
 .debug_macro   0x00004429       0x86 AVRISP-MKII.o
 .debug_macro   0x000044af       0x3c AVRISP-MKII.o
 .debug_macro   0x000044eb       0x28 AVRISP-MKII.o
 .debug_macro   0x00004513       0x12 AVRISP-MKII.o
 .debug_macro   0x00004525       0x19 AVRISP-MKII.o
 .debug_macro   0x0000453e       0x4d AVRISP-MKII.o
 .debug_macro   0x0000458b       0x73 AVRISP-MKII.o
 .debug_macro   0x000045fe       0x16 AVRISP-MKII.o
 .debug_macro   0x00004614       0x12 AVRISP-MKII.o
 .debug_macro   0x00004626       0x25 AVRISP-MKII.o
 .debug_macro   0x0000464b       0x64 AVRISP-MKII.o
 .debug_macro   0x000046af       0x41 AVRISP-MKII.o
 .debug_macro   0x000046f0       0x12 AVRISP-MKII.o
 .debug_macro   0x00004702       0x10 AVRISP-MKII.o
 .debug_macro   0x00004712       0x1c AVRISP-MKII.o
 .debug_macro   0x0000472e       0x16 AVRISP-MKII.o
 .debug_macro   0x00004744       0x16 AVRISP-MKII.o
 .debug_macro   0x0000475a      0x12c AVRISP-MKII.o
 .debug_macro   0x00004886       0x16 AVRISP-MKII.o
 .debug_macro   0x0000489c       0x46 AVRISP-MKII.o
 .debug_macro   0x000048e2       0x58 AVRISP-MKII.o
 .debug_macro   0x0000493a       0x10 AVRISP-MKII.o
 .debug_macro   0x0000494a       0xeb AVRISP-MKII.o
 .debug_macro   0x00004a35       0x16 AVRISP-MKII.o
 .debug_macro   0x00004a4b      0x154 AVRISP-MKII.o
 .debug_macro   0x00004b9f       0x2a AVRISP-MKII.o
 .debug_macro   0x00004bc9      0x6ce AVRISP-MKII.o
 .debug_macro   0x00005297       0x16 AVRISP-MKII.o
 .debug_macro   0x000052ad      0x132 AVRISP-MKII.o
 .debug_macro   0x000053df       0x16 AVRISP-MKII.o
 .debug_macro   0x000053f5       0x10 AVRISP-MKII.o
 .debug_macro   0x00005405       0x6c AVRISP-MKII.o
 .debug_macro   0x00005471       0x16 AVRISP-MKII.o
 .debug_macro   0x00005487       0x1c AVRISP-MKII.o
 .debug_macro   0x000054a3       0x16 AVRISP-MKII.o
 .debug_macro   0x000054b9       0x10 AVRISP-MKII.o
 .debug_macro   0x000054c9      0x1be AVRISP-MKII.o
 .debug_macro   0x00005687       0x16 AVRISP-MKII.o
 .debug_macro   0x0000569d       0x10 AVRISP-MKII.o
 .debug_macro   0x000056ad       0xca AVRISP-MKII.o
 .debug_macro   0x00005777       0x40 AVRISP-MKII.o
 .debug_macro   0x000057b7       0x22 AVRISP-MKII.o
 .debug_macro   0x000057d9      0x11e AVRISP-MKII.o
 .debug_macro   0x000058f7       0x10 AVRISP-MKII.o
 .debug_macro   0x00005907       0x72 AVRISP-MKII.o
 .debug_macro   0x00005979       0x40 AVRISP-MKII.o
 .debug_macro   0x000059b9       0x16 AVRISP-MKII.o
 .debug_macro   0x000059cf       0x1c AVRISP-MKII.o
 .debug_macro   0x000059eb       0xee AVRISP-MKII.o
 .debug_macro   0x00005ad9      0x11e AVRISP-MKII.o
 .debug_macro   0x00005bf7       0x22 AVRISP-MKII.o
 .debug_macro   0x00005c19       0xfa AVRISP-MKII.o
 .debug_macro   0x00005d13       0x22 AVRISP-MKII.o
 .debug_macro   0x00005d35       0x28 AVRISP-MKII.o
 .debug_macro   0x00005d5d      0x460 AVRISPDescriptors.o
 .debug_macro   0x000061bd       0x89 AVRISPDescriptors.o
 .debug_macro   0x00006246       0xaa AVRISPDescriptors.o
 .debug_macro   0x000062f0      0x181 AVRISPDescriptors.o
 .debug_macro   0x00006471       0x20 AVRISPDescriptors.o
 .debug_macro   0x00006491       0x2f AVRISPDescriptors.o
 .debug_macro   0x000064c0      0x531 Lib/ISP/ISPProtocol.o
 .debug_macro   0x000069f1      0x166 Lib/ISP/ISPProtocol.o
 .debug_macro   0x00006b57       0x10 Lib/ISP/ISPProtocol.o
 .debug_macro   0x00006b67       0x3a Lib/ISP/ISPProtocol.o
 .debug_macro   0x00006ba1      0x533 Lib/ISP/ISPTarget.o
 .debug_macro   0x000070d4       0x6c Lib/ISP/ISPTarget.o
 .debug_macro   0x00007140       0xd0 Lib/ISP/ISPTarget.o
 .debug_macro   0x00007210      0x52c Lib/V2Protocol.o
 .debug_macro   0x0000773c      0x532 Lib/V2ProtocolParams.o
 .debug_macro   0x00007c6e      0x166 Lib/V2ProtocolParams.o
 .debug_macro   0x00007dd4       0x39 Lib/V2ProtocolParams.o
 .debug_macro   0x00007e0d       0x10 Lib/V2ProtocolParams.o
 .debug_macro   0x00007e1d      0x536 Lib/XPROG/TINYNVM.o
 .debug_macro   0x00008353       0x1c Lib/XPROG/TINYNVM.o
 .debug_macro   0x0000836f      0x536 Lib/XPROG/XMEGANVM.o
 .debug_macro   0x000088a5      0x52c Lib/XPROG/XPROGProtocol.o
 .debug_macro   0x00008dd1      0x53c Lib/XPROG/XPROGTarget.o
 .debug_macro   0x0000930d       0xe8 Lib/XPROG/XPROGTarget.o
 .debug_macro   0x000093f5      0x60c src/LUFA/LUFA/Drivers/USB/Core/AVR8/EndpointStream_AVR8.o
 .debug_macro   0x00009a01       0x28 src/LUFA/LUFA/Drivers/USB/Core/AVR8/EndpointStream_AVR8.o
 .debug_macro   0x00009a29       0x1c src/LUFA/LUFA/Drivers/USB/Core/AVR8/EndpointStream_AVR8.o
 .debug_macro   0x00009a45       0x1c src/LUFA/LUFA/Drivers/USB/Core/AVR8/EndpointStream_AVR8.o
 .debug_macro   0x00009a61      0x2a3 src/LUFA/LUFA/Drivers/USB/Core/AVR8/Endpoint_AVR8.o
 .debug_macro   0x00009d04       0x10 src/LUFA/LUFA/Drivers/USB/Core/AVR8/Endpoint_AVR8.o
 .debug_macro   0x00009d14      0x275 src/LUFA/LUFA/Drivers/USB/Core/AVR8/USBController_AVR8.o
 .debug_macro   0x00009f89       0x79 src/LUFA/LUFA/Drivers/USB/Core/AVR8/USBController_AVR8.o
 .debug_macro   0x0000a002      0x27d src/LUFA/LUFA/Drivers/USB/Core/AVR8/USBInterrupt_AVR8.o
 .debug_macro   0x0000a27f      0x27b src/LUFA/LUFA/Drivers/USB/Core/DeviceStandardReq.o
 .debug_macro   0x0000a4fa      0x182 src/LUFA/LUFA/Drivers/USB/Core/Events.o
 .debug_macro   0x0000a67c      0x281 src/LUFA/LUFA/Drivers/USB/Core/USBTask.o
OUTPUT(LUFA_PROJECTS_AVRISPMKII_BETABOARD.elf elf32-avr)
LOAD linker stubs
